Deparser_t: Deparser_t_EngineStage_4__GC0, Deparser_t_EngineStage_3_Editor_TupleMerge_UniShifterDownTuple, Deparser_t_EngineStage_0_Editor__GB0, Deparser_t_EngineStage_4_Editor__GCB1, Deparser_t_EngineStage_3_Editor__GCB1, Deparser_t_EngineStage_3__GC0, Deparser_t_EngineStage_0_Editor__GB1, Deparser_t_EngineStage_2__GC0, Deparser_t_Engine__GC0, Deparser_t_EngineStage_3_Editor__GCB0, Deparser_t_EngineStage_3_Editor_TupleMerge__GC0, Deparser_t_EngineStage_3_Editor__GCB2, Deparser_t_EngineStage_2_Editor__GB2, Deparser_t_EngineStage_2_Editor__GB1, Deparser_t_EngineStage_0__GC0, Deparser_t_EngineStage_4_Editor__GCB0, Deparser_t__GC0, Deparser_t_EngineStage_4_Editor_TupleMerge__GB0, Deparser_t_EngineStage_4_Editor_TupleMerge__GB1, Deparser_t_EngineStage_2_Editor__GB0, 
Deparser_t_Engine: Deparser_t_EngineStage_4__GC0, Deparser_t_EngineStage_3_Editor_TupleMerge_UniShifterDownTuple, Deparser_t_EngineStage_0_Editor__GB0, Deparser_t_EngineStage_4_Editor__GCB1, Deparser_t_EngineStage_3_Editor__GCB1, Deparser_t_EngineStage_3__GC0, Deparser_t_EngineStage_0_Editor__GB1, Deparser_t_EngineStage_2__GC0, Deparser_t_Engine__GC0, Deparser_t_EngineStage_3_Editor__GCB0, Deparser_t_EngineStage_3_Editor_TupleMerge__GC0, Deparser_t_EngineStage_3_Editor__GCB2, Deparser_t_EngineStage_2_Editor__GB2, Deparser_t_EngineStage_2_Editor__GB1, Deparser_t_EngineStage_0__GC0, Deparser_t_EngineStage_4_Editor__GCB0, Deparser_t_EngineStage_4_Editor_TupleMerge__GB0, Deparser_t_EngineStage_4_Editor_TupleMerge__GB1, Deparser_t_EngineStage_2_Editor__GB0, 
Deparser_t_EngineStage_4: Deparser_t_EngineStage_4__GC0, Deparser_t_EngineStage_4_Editor__GCB1, Deparser_t_EngineStage_4_Editor__GCB0, Deparser_t_EngineStage_4_Editor_TupleMerge__GB1, Deparser_t_EngineStage_4_Editor_TupleMerge__GB0, 
Deparser_t_EngineStage_2: Deparser_t_EngineStage_2__GC0, Deparser_t_EngineStage_2_Editor__GB2, Deparser_t_EngineStage_2_Editor__GB1, Deparser_t_EngineStage_2_Editor__GB0, 
Deparser_t_EngineStage_3: Deparser_t_EngineStage_3__GC0, Deparser_t_EngineStage_3_Editor__GCB2, Deparser_t_EngineStage_3_Editor__GCB1, Deparser_t_EngineStage_3_Editor__GCB0, Deparser_t_EngineStage_3_Editor_TupleMerge__GC0, Deparser_t_EngineStage_3_Editor_TupleMerge_UniShifterDownTuple, 
Deparser_t_EngineStage_4_Editor_TupleMerge: Deparser_t_EngineStage_4_Editor_TupleMerge__GB1, Deparser_t_EngineStage_4_Editor_TupleMerge__GB0, 
Deparser_t_EngineStage_0_Editor: Deparser_t_EngineStage_0_Editor__GB1, Deparser_t_EngineStage_0_Editor__GB0, 
XilinxSwitch: Deparser_t_EngineStage_4__GC0, Deparser_t_EngineStage_3_Editor_TupleMerge_UniShifterDownTuple, Deparser_t_EngineStage_0_Editor__GB0, Deparser_t_EngineStage_4_Editor__GCB1, Parser_t_Engine__GB1, Parser_t_EngineStage_3, Deparser_t_EngineStage_3_Editor__GCB1, Parser_t_Engine__GB0, XilinxSwitch__GCB1, Deparser_t_EngineStage_3__GC0, Parser_t__GC0, Deparser_t_EngineStage_0_Editor__GB1, Deparser_t_EngineStage_2__GC0, Deparser_t_Engine__GC0, Deparser_t_EngineStage_3_Editor__GCB0, Deparser_t_EngineStage_3_Editor_TupleMerge__GC0, Deparser_t_EngineStage_3_Editor__GCB2, Parser_t_Engine__GB2, XilinxSwitch__GCB0, Deparser_t_EngineStage_2_Editor__GB2, Deparser_t_EngineStage_4_Editor__GCB0, Deparser_t_EngineStage_2_Editor__GB1, Deparser_t_EngineStage_0__GC0, Deparser_t__GC0, Deparser_t_EngineStage_4_Editor_TupleMerge__GB1, Deparser_t_EngineStage_4_Editor_TupleMerge__GB0, Deparser_t_EngineStage_2_Editor__GB0, 
Deparser_t_EngineStage_2_Editor: Deparser_t_EngineStage_2_Editor__GB2, Deparser_t_EngineStage_2_Editor__GB1, Deparser_t_EngineStage_2_Editor__GB0, 
Deparser_t_EngineStage_3_Editor_TupleMerge: Deparser_t_EngineStage_3_Editor_TupleMerge__GC0, Deparser_t_EngineStage_3_Editor_TupleMerge_UniShifterDownTuple, 
Deparser_t_EngineStage_3_Editor: Deparser_t_EngineStage_3_Editor__GCB2, Deparser_t_EngineStage_3_Editor__GCB1, Deparser_t_EngineStage_3_Editor__GCB0, Deparser_t_EngineStage_3_Editor_TupleMerge__GC0, Deparser_t_EngineStage_3_Editor_TupleMerge_UniShifterDownTuple, 
Parser_t_Engine: Parser_t_Engine__GB2, Parser_t_Engine__GB1, Parser_t_Engine__GB0, Parser_t_EngineStage_3, 
Deparser_t_EngineStage_4_Editor: Deparser_t_EngineStage_4_Editor__GCB1, Deparser_t_EngineStage_4_Editor__GCB0, Deparser_t_EngineStage_4_Editor_TupleMerge__GB1, Deparser_t_EngineStage_4_Editor_TupleMerge__GB0, 
Parser_t: Parser_t__GC0, Parser_t_Engine__GB2, Parser_t_Engine__GB1, Parser_t_Engine__GB0, Parser_t_EngineStage_3, 
Deparser_t_EngineStage_0: Deparser_t_EngineStage_0__GC0, Deparser_t_EngineStage_0_Editor__GB1, Deparser_t_EngineStage_0_Editor__GB0, 
